<html>
<body>
<pre>
<h1>礦ision Build Log</h1>
<h2>Tool Versions:</h2>
IDE-Version: μVision V5.26.2.0
Copyright (C) 2018 ARM Ltd and ARM Germany GmbH. All rights reserved.
License Information: jxg jxg, jxg, LIC=HN08T-RL48J-UGG7Q-NTFZC-MN303-B0AMJ
 
Tool Versions:
Toolchain:       MDK-ARM Plus  Version: 5.26.2.0
Toolchain Path:  D:\keils\ARM\ARMCC\Bin
C Compiler:      Armcc.exe V5.06 update 6 (build 750)
Assembler:       Armasm.exe V5.06 update 6 (build 750)
Linker/Locator:  ArmLink.exe V5.06 update 6 (build 750)
Library Manager: ArmAr.exe V5.06 update 6 (build 750)
Hex Converter:   FromElf.exe V5.06 update 6 (build 750)
CPU DLL:         SARMCM3.DLL V5.26.2.0
Dialog DLL:      DCM.DLL V1.17.2.0
Target DLL:      Segger\JL2CM3.dll V2.99.31.0
Dialog DLL:      TCM.DLL V1.36.1.0
 
<h2>Project:</h2>
C:\Users\Xincon\Desktop\哨兵程序\新哨兵程序\哨兵程序\测试\MDK-ARM\2018.07.12-infantry.uvprojx
Project File Date:  04/11/2019

<h2>Output:</h2>
*** Using Compiler 'V5.06 update 6 (build 750)', folder: 'D:\keils\ARM\ARMCC\Bin'
Build target '2018.07.12-infantry'
compiling date_pro_task.c...
../Drivers/CMSIS/Device/ST/STM32F4xx/Include/stm32f427xx.h(70): warning:  #47-D: incompatible redefinition of macro "__FPU_PRESENT" 
  #define __FPU_PRESENT             1U       /*!< FPU present                                   */
../Inc/gun_task.h(36): warning:  #1295-D: Deprecated declaration Gun_Pid_Init - give arg types
  void Gun_Pid_Init();
../Inc/date_pro_task.h(13): warning:  #1295-D: Deprecated declaration RemoteControlProcess - give arg types
  extern void RemoteControlProcess(); 
../Inc/date_pro_task.h(15): warning:  #1295-D: Deprecated declaration MouseKeyControlProcess - give arg types
  extern void MouseKeyControlProcess();
../Inc/date_pro_task.h(17): warning:  #1295-D: Deprecated declaration Minipc_Pid_Init - give arg types
  extern  void Minipc_Pid_Init();
../Inc/SystemState.h(61): warning:  #1295-D: Deprecated declaration GetSystemTimer - give arg types
  uint32_t GetSystemTimer();//获取系统当前准确时间
..\Src\date_pro_task.c(150): warning:  #550-D: variable "xLastWakeTime"  was set but never used
  		portTickType xLastWakeTime;
..\Src\date_pro_task.c(223): warning:  #550-D: variable "xLastWakeTime"  was set but never used
  			 portTickType xLastWakeTime;
..\Src\date_pro_task.c: 8 warnings, 0 errors
linking...
Program Size: Code=18824 RO-data=588 RW-data=180 ZI-data=19620  
"2018.07.12-infantry\2018.07.12-infantry" - 0 Error(s), 8 Warning(s).

<h2>Software Packages used:</h2>

Package Vendor: ARM
                http://www.keil.com/pack/ARM.CMSIS.5.4.0.pack
                ARM.CMSIS.5.4.0
                CMSIS (Cortex Microcontroller Software Interface Standard)
   * Component: CORE Version: 5.1.2

Package Vendor: Keil
                http://www.keil.com/pack/Keil.STM32F4xx_DFP.2.13.0.pack
                Keil.STM32F4xx_DFP.2.13.0
                STMicroelectronics STM32F4 Series Device Support, Drivers and Examples

<h2>Collection of Component include folders:</h2>
  .\RTE\_2018.07.12-infantry
  D:\keils\ARM\PACK\ARM\CMSIS\5.4.0\CMSIS\Core\Include
  D:\keils\ARM\PACK\Keil\STM32F4xx_DFP\2.13.0\Drivers\CMSIS\Device\ST\STM32F4xx\Include

<h2>Collection of Component Files used:</h2>

   * Component: ARM::CMSIS:CORE:5.1.2
Build Time Elapsed:  00:00:05
</pre>
</body>
</html>
